2026/02/02 22:13:32 Aplikasi dijalankan
2026/02/02 22:13:32 Processing: 10. OKT 21.pdf
2026/02/02 22:13:32 ✅ Sukses: 10. OKT 21.pdf
2026/02/02 22:13:32 Processing: 11. NOP 21.pdf
2026/02/02 22:13:32 ✅ Sukses: 11. NOP 21.pdf
2026/02/02 22:13:32 Processing: 12. DES 21 BNI.pdf
2026/02/02 22:13:32 ✅ Sukses: 12. DES 21 BNI.pdf
2026/02/02 22:13:32 Processing: 2. FEB 21.pdf
2026/02/02 22:13:32 ✅ Sukses: 2. FEB 21.pdf
2026/02/02 22:13:32 Processing: 3. MAR 21.pdf
2026/02/02 22:13:32 ✅ Sukses: 3. MAR 21.pdf
2026/02/02 22:13:32 Processing: 4. APR 21.pdf
2026/02/02 22:13:32 ✅ Sukses: 4. APR 21.pdf
2026/02/02 22:13:32 Processing: 5. MEI.pdf
2026/02/02 22:13:32 ✅ Sukses: 5. MEI.pdf
2026/02/02 22:13:32 Processing: 6. JUN 21.pdf
2026/02/02 22:13:32 ✅ Sukses: 6. JUN 21.pdf
2026/02/02 22:13:32 Processing: 7. JUL 21.pdf
2026/02/02 22:13:32 ✅ Sukses: 7. JUL 21.pdf
2026/02/02 22:13:32 Processing: 8. AGS 21.pdf
2026/02/02 22:13:32 ✅ Sukses: 8. AGS 21.pdf
2026/02/02 22:13:32 Processing: 9. SEPT 21.pdf
2026/02/02 22:13:32 ✅ Sukses: 9. SEPT 21.pdf
2026/02/02 22:13:32 Processing: AGS 21.pdf
2026/02/02 22:13:32 ✅ Sukses: AGS 21.pdf
2026/02/02 22:13:32 Processing: APR 21.pdf
2026/02/02 22:13:32 ✅ Sukses: APR 21.pdf
2026/02/02 22:13:32 Processing: DES 21 BNI.pdf
2026/02/02 22:13:32 ✅ Sukses: DES 21 BNI.pdf
2026/02/02 22:13:32 Processing: FEB 21.pdf
2026/02/02 22:13:32 ✅ Sukses: FEB 21.pdf
2026/02/02 22:13:32 Processing: JUL 21.pdf
2026/02/02 22:13:32 ✅ Sukses: JUL 21.pdf
2026/02/02 22:13:32 Processing: JUN 21.pdf
2026/02/02 22:13:32 ✅ Sukses: JUN 21.pdf
2026/02/02 22:13:32 Processing: MAR 21.pdf
2026/02/02 22:13:32 ✅ Sukses: MAR 21.pdf
2026/02/02 22:13:32 Processing: MEI.pdf
2026/02/02 22:13:32 ✅ Sukses: MEI.pdf
2026/02/02 22:13:32 Processing: NOP 21.pdf
2026/02/02 22:13:32 ✅ Sukses: NOP 21.pdf
2026/02/02 22:13:32 Processing: OKT 21.pdf
2026/02/02 22:13:32 ✅ Sukses: OKT 21.pdf
2026/02/02 22:13:32 Processing: SEPT 21.pdf
2026/02/02 22:13:32 ✅ Sukses: SEPT 21.pdf
2026/02/02 22:13:32 Aplikasi selesai
2026/02/02 22:14:54 Aplikasi dijalankan
2026/02/02 22:14:54 Processing: 10. OKT 21.pdf
2026/02/02 22:14:54 ✅ Sukses: 10. OKT 21.pdf
2026/02/02 22:14:54 Processing: 11. NOP 21.pdf
2026/02/02 22:14:54 ✅ Sukses: 11. NOP 21.pdf
2026/02/02 22:14:54 Processing: 12. DES 21 BNI.pdf
2026/02/02 22:14:54 ✅ Sukses: 12. DES 21 BNI.pdf
2026/02/02 22:14:54 Processing: 2. FEB 21.pdf
2026/02/02 22:14:54 ✅ Sukses: 2. FEB 21.pdf
2026/02/02 22:14:54 Processing: 3. MAR 21.pdf
2026/02/02 22:14:54 ✅ Sukses: 3. MAR 21.pdf
2026/02/02 22:14:54 Processing: 4. APR 21.pdf
2026/02/02 22:14:54 ✅ Sukses: 4. APR 21.pdf
2026/02/02 22:14:54 Processing: 5. MEI.pdf
2026/02/02 22:14:54 ✅ Sukses: 5. MEI.pdf
2026/02/02 22:14:54 Processing: 6. JUN 21.pdf
2026/02/02 22:14:54 ✅ Sukses: 6. JUN 21.pdf
2026/02/02 22:14:54 Processing: 7. JUL 21.pdf
2026/02/02 22:14:54 ✅ Sukses: 7. JUL 21.pdf
2026/02/02 22:14:54 Processing: 8. AGS 21.pdf
2026/02/02 22:14:54 ✅ Sukses: 8. AGS 21.pdf
2026/02/02 22:14:54 Processing: 9. SEPT 21.pdf
2026/02/02 22:14:54 ✅ Sukses: 9. SEPT 21.pdf
2026/02/02 22:14:54 Processing: AGS 21.pdf
2026/02/02 22:14:54 ✅ Sukses: AGS 21.pdf
2026/02/02 22:14:54 Processing: APR 21.pdf
2026/02/02 22:14:54 ✅ Sukses: APR 21.pdf
2026/02/02 22:14:54 Processing: DES 21 BNI.pdf
2026/02/02 22:14:54 ✅ Sukses: DES 21 BNI.pdf
2026/02/02 22:14:54 Processing: FEB 21.pdf
2026/02/02 22:14:54 ✅ Sukses: FEB 21.pdf
2026/02/02 22:14:54 Processing: JUL 21.pdf
2026/02/02 22:14:55 ✅ Sukses: JUL 21.pdf
2026/02/02 22:14:55 Processing: JUN 21.pdf
2026/02/02 22:14:55 ✅ Sukses: JUN 21.pdf
2026/02/02 22:14:55 Processing: MAR 21.pdf
2026/02/02 22:14:55 ✅ Sukses: MAR 21.pdf
2026/02/02 22:14:55 Processing: MEI.pdf
2026/02/02 22:14:55 ✅ Sukses: MEI.pdf
2026/02/02 22:14:55 Processing: NOP 21.pdf
2026/02/02 22:14:55 ✅ Sukses: NOP 21.pdf
2026/02/02 22:14:55 Processing: OKT 21.pdf
2026/02/02 22:14:55 ✅ Sukses: OKT 21.pdf
2026/02/02 22:14:55 Processing: SEPT 21.pdf
2026/02/02 22:14:55 ✅ Sukses: SEPT 21.pdf
2026/02/02 22:14:55 Aplikasi selesai
